/home/andrea.giampietro/.conda/envs/eeg_attention/lib/python3.9/site-packages/librosa/util/files.py:10: UserWarning: pkg_resources is deprecated as an API. See https://setuptools.pypa.io/en/latest/pkg_resources.html. The pkg_resources package is slated for removal as early as 2025-11-30. Refrain from using this package or pin to Setuptools<81.
  from pkg_resources import resource_filename
/home/andrea.giampietro/.conda/envs/eeg_attention/lib/python3.9/site-packages/huggingface_hub/file_download.py:949: FutureWarning: `resume_download` is deprecated and will be removed in version 1.0.0. Downloads always resume when possible. If you want to force a new download, use `force_download=True`.
  warnings.warn(
/home/andrea.giampietro/.conda/envs/eeg_attention/lib/python3.9/site-packages/torch/functional.py:507: UserWarning: torch.meshgrid: in an upcoming release, it will be required to pass the indexing argument. (Triggered internally at ../aten/src/ATen/native/TensorShape.cpp:3549.)
  return _VF.meshgrid(tensors, **kwargs)  # type: ignore[attr-defined]
Some weights of RobertaModel were not initialized from the model checkpoint at roberta-base and are newly initialized: ['roberta.pooler.dense.bias', 'roberta.pooler.dense.weight']
You should probably TRAIN this model on a down-stream task to be able to use it for predictions and inference.
[solo-matchmismatch] negative=temporal_offset  recordings=105  repetitions=420  pairs=3346
  window=2.0s stride=1.0s min_offset=2.0s band=(1.0, 45.0) Hz
  EEG behind it: 39.4 min over 420 repetitions; 96 distinct stimulus wavs (7 piece/theme groups)
  recordings per subject: {'0001': 14, '0002': 14, '0003': 14, '0004': 14, '0005': 14, '0007': 7, '0008': 14, '0009': 14}
[madeeg-contrastive] device=cuda Exp.18 negatives=temporal_offset
Load the specified checkpoint /home/andrea.giampietro/clap_ckpt/630k-audioset-best.pt from users.
Load Checkpoint...
logit_scale_a 	 Loaded
logit_scale_t 	 Loaded
audio_branch.spectrogram_extractor.stft.conv_real.weight 	 Loaded
audio_branch.spectrogram_extractor.stft.conv_imag.weight 	 Loaded
audio_branch.logmel_extractor.melW 	 Loaded
audio_branch.bn0.weight 	 Loaded
audio_branch.bn0.bias 	 Loaded
audio_branch.patch_embed.proj.weight 	 Loaded
audio_branch.patch_embed.proj.bias 	 Loaded
audio_branch.patch_embed.norm.weight 	 Loaded
audio_branch.patch_embed.norm.bias 	 Loaded
audio_branch.layers.0.blocks.0.norm1.weight 	 Loaded
audio_branch.layers.0.blocks.0.norm1.bias 	 Loaded
audio_branch.layers.0.blocks.0.attn.relative_position_bias_table 	 Loaded
audio_branch.layers.0.blocks.0.attn.qkv.weight 	 Loaded
audio_branch.layers.0.blocks.0.attn.qkv.bias 	 Loaded
audio_branch.layers.0.blocks.0.attn.proj.weight 	 Loaded
audio_branch.layers.0.blocks.0.attn.proj.bias 	 Loaded
audio_branch.layers.0.blocks.0.norm2.weight 	 Loaded
audio_branch.layers.0.blocks.0.norm2.bias 	 Loaded
audio_branch.layers.0.blocks.0.mlp.fc1.weight 	 Loaded
audio_branch.layers.0.blocks.0.mlp.fc1.bias 	 Loaded
audio_branch.layers.0.blocks.0.mlp.fc2.weight 	 Loaded
audio_branch.layers.0.blocks.0.mlp.fc2.bias 	 Loaded
audio_branch.layers.0.blocks.1.norm1.weight 	 Loaded
audio_branch.layers.0.blocks.1.norm1.bias 	 Loaded
audio_branch.layers.0.blocks.1.attn.relative_position_bias_table 	 Loaded
audio_branch.layers.0.blocks.1.attn.qkv.weight 	 Loaded
audio_branch.layers.0.blocks.1.attn.qkv.bias 	 Loaded
audio_branch.layers.0.blocks.1.attn.proj.weight 	 Loaded
audio_branch.layers.0.blocks.1.attn.proj.bias 	 Loaded
audio_branch.layers.0.blocks.1.norm2.weight 	 Loaded
audio_branch.layers.0.blocks.1.norm2.bias 	 Loaded
audio_branch.layers.0.blocks.1.mlp.fc1.weight 	 Loaded
audio_branch.layers.0.blocks.1.mlp.fc1.bias 	 Loaded
audio_branch.layers.0.blocks.1.mlp.fc2.weight 	 Loaded
audio_branch.layers.0.blocks.1.mlp.fc2.bias 	 Loaded
audio_branch.layers.0.downsample.reduction.weight 	 Loaded
audio_branch.layers.0.downsample.norm.weight 	 Loaded
audio_branch.layers.0.downsample.norm.bias 	 Loaded
audio_branch.layers.1.blocks.0.norm1.weight 	 Loaded
audio_branch.layers.1.blocks.0.norm1.bias 	 Loaded
audio_branch.layers.1.blocks.0.attn.relative_position_bias_table 	 Loaded
audio_branch.layers.1.blocks.0.attn.qkv.weight 	 Loaded
audio_branch.layers.1.blocks.0.attn.qkv.bias 	 Loaded
audio_branch.layers.1.blocks.0.attn.proj.weight 	 Loaded
audio_branch.layers.1.blocks.0.attn.proj.bias 	 Loaded
audio_branch.layers.1.blocks.0.norm2.weight 	 Loaded
audio_branch.layers.1.blocks.0.norm2.bias 	 Loaded
audio_branch.layers.1.blocks.0.mlp.fc1.weight 	 Loaded
audio_branch.layers.1.blocks.0.mlp.fc1.bias 	 Loaded
audio_branch.layers.1.blocks.0.mlp.fc2.weight 	 Loaded
audio_branch.layers.1.blocks.0.mlp.fc2.bias 	 Loaded
audio_branch.layers.1.blocks.1.norm1.weight 	 Loaded
audio_branch.layers.1.blocks.1.norm1.bias 	 Loaded
audio_branch.layers.1.blocks.1.attn.relative_position_bias_table 	 Loaded
audio_branch.layers.1.blocks.1.attn.qkv.weight 	 Loaded
audio_branch.layers.1.blocks.1.attn.qkv.bias 	 Loaded
audio_branch.layers.1.blocks.1.attn.proj.weight 	 Loaded
audio_branch.layers.1.blocks.1.attn.proj.bias 	 Loaded
audio_branch.layers.1.blocks.1.norm2.weight 	 Loaded
audio_branch.layers.1.blocks.1.norm2.bias 	 Loaded
audio_branch.layers.1.blocks.1.mlp.fc1.weight 	 Loaded
audio_branch.layers.1.blocks.1.mlp.fc1.bias 	 Loaded
audio_branch.layers.1.blocks.1.mlp.fc2.weight 	 Loaded
audio_branch.layers.1.blocks.1.mlp.fc2.bias 	 Loaded
audio_branch.layers.1.downsample.reduction.weight 	 Loaded
audio_branch.layers.1.downsample.norm.weight 	 Loaded
audio_branch.layers.1.downsample.norm.bias 	 Loaded
audio_branch.layers.2.blocks.0.norm1.weight 	 Loaded
audio_branch.layers.2.blocks.0.norm1.bias 	 Loaded
audio_branch.layers.2.blocks.0.attn.relative_position_bias_table 	 Loaded
audio_branch.layers.2.blocks.0.attn.qkv.weight 	 Loaded
audio_branch.layers.2.blocks.0.attn.qkv.bias 	 Loaded
audio_branch.layers.2.blocks.0.attn.proj.weight 	 Loaded
audio_branch.layers.2.blocks.0.attn.proj.bias 	 Loaded
audio_branch.layers.2.blocks.0.norm2.weight 	 Loaded
audio_branch.layers.2.blocks.0.norm2.bias 	 Loaded
audio_branch.layers.2.blocks.0.mlp.fc1.weight 	 Loaded
audio_branch.layers.2.blocks.0.mlp.fc1.bias 	 Loaded
audio_branch.layers.2.blocks.0.mlp.fc2.weight 	 Loaded
audio_branch.layers.2.blocks.0.mlp.fc2.bias 	 Loaded
audio_branch.layers.2.blocks.1.norm1.weight 	 Loaded
audio_branch.layers.2.blocks.1.norm1.bias 	 Loaded
audio_branch.layers.2.blocks.1.attn.relative_position_bias_table 	 Loaded
audio_branch.layers.2.blocks.1.attn.qkv.weight 	 Loaded
audio_branch.layers.2.blocks.1.attn.qkv.bias 	 Loaded
audio_branch.layers.2.blocks.1.attn.proj.weight 	 Loaded
audio_branch.layers.2.blocks.1.attn.proj.bias 	 Loaded
audio_branch.layers.2.blocks.1.norm2.weight 	 Loaded
audio_branch.layers.2.blocks.1.norm2.bias 	 Loaded
audio_branch.layers.2.blocks.1.mlp.fc1.weight 	 Loaded
audio_branch.layers.2.blocks.1.mlp.fc1.bias 	 Loaded
audio_branch.layers.2.blocks.1.mlp.fc2.weight 	 Loaded
audio_branch.layers.2.blocks.1.mlp.fc2.bias 	 Loaded
audio_branch.layers.2.blocks.2.norm1.weight 	 Loaded
audio_branch.layers.2.blocks.2.norm1.bias 	 Loaded
audio_branch.layers.2.blocks.2.attn.relative_position_bias_table 	 Loaded
audio_branch.layers.2.blocks.2.attn.qkv.weight 	 Loaded
audio_branch.layers.2.blocks.2.attn.qkv.bias 	 Loaded
audio_branch.layers.2.blocks.2.attn.proj.weight 	 Loaded
audio_branch.layers.2.blocks.2.attn.proj.bias 	 Loaded
audio_branch.layers.2.blocks.2.norm2.weight 	 Loaded
audio_branch.layers.2.blocks.2.norm2.bias 	 Loaded
audio_branch.layers.2.blocks.2.mlp.fc1.weight 	 Loaded
audio_branch.layers.2.blocks.2.mlp.fc1.bias 	 Loaded
audio_branch.layers.2.blocks.2.mlp.fc2.weight 	 Loaded
audio_branch.layers.2.blocks.2.mlp.fc2.bias 	 Loaded
audio_branch.layers.2.blocks.3.norm1.weight 	 Loaded
audio_branch.layers.2.blocks.3.norm1.bias 	 Loaded
audio_branch.layers.2.blocks.3.attn.relative_position_bias_table 	 Loaded
audio_branch.layers.2.blocks.3.attn.qkv.weight 	 Loaded
audio_branch.layers.2.blocks.3.attn.qkv.bias 	 Loaded
audio_branch.layers.2.blocks.3.attn.proj.weight 	 Loaded
audio_branch.layers.2.blocks.3.attn.proj.bias 	 Loaded
audio_branch.layers.2.blocks.3.norm2.weight 	 Loaded
audio_branch.layers.2.blocks.3.norm2.bias 	 Loaded
audio_branch.layers.2.blocks.3.mlp.fc1.weight 	 Loaded
audio_branch.layers.2.blocks.3.mlp.fc1.bias 	 Loaded
audio_branch.layers.2.blocks.3.mlp.fc2.weight 	 Loaded
audio_branch.layers.2.blocks.3.mlp.fc2.bias 	 Loaded
audio_branch.layers.2.blocks.4.norm1.weight 	 Loaded
audio_branch.layers.2.blocks.4.norm1.bias 	 Loaded
audio_branch.layers.2.blocks.4.attn.relative_position_bias_table 	 Loaded
audio_branch.layers.2.blocks.4.attn.qkv.weight 	 Loaded
audio_branch.layers.2.blocks.4.attn.qkv.bias 	 Loaded
audio_branch.layers.2.blocks.4.attn.proj.weight 	 Loaded
audio_branch.layers.2.blocks.4.attn.proj.bias 	 Loaded
audio_branch.layers.2.blocks.4.norm2.weight 	 Loaded
audio_branch.layers.2.blocks.4.norm2.bias 	 Loaded
audio_branch.layers.2.blocks.4.mlp.fc1.weight 	 Loaded
audio_branch.layers.2.blocks.4.mlp.fc1.bias 	 Loaded
audio_branch.layers.2.blocks.4.mlp.fc2.weight 	 Loaded
audio_branch.layers.2.blocks.4.mlp.fc2.bias 	 Loaded
audio_branch.layers.2.blocks.5.norm1.weight 	 Loaded
audio_branch.layers.2.blocks.5.norm1.bias 	 Loaded
audio_branch.layers.2.blocks.5.attn.relative_position_bias_table 	 Loaded
audio_branch.layers.2.blocks.5.attn.qkv.weight 	 Loaded
audio_branch.layers.2.blocks.5.attn.qkv.bias 	 Loaded
audio_branch.layers.2.blocks.5.attn.proj.weight 	 Loaded
audio_branch.layers.2.blocks.5.attn.proj.bias 	 Loaded
audio_branch.layers.2.blocks.5.norm2.weight 	 Loaded
audio_branch.layers.2.blocks.5.norm2.bias 	 Loaded
audio_branch.layers.2.blocks.5.mlp.fc1.weight 	 Loaded
audio_branch.layers.2.blocks.5.mlp.fc1.bias 	 Loaded
audio_branch.layers.2.blocks.5.mlp.fc2.weight 	 Loaded
audio_branch.layers.2.blocks.5.mlp.fc2.bias 	 Loaded
audio_branch.layers.2.downsample.reduction.weight 	 Loaded
audio_branch.layers.2.downsample.norm.weight 	 Loaded
audio_branch.layers.2.downsample.norm.bias 	 Loaded
audio_branch.layers.3.blocks.0.norm1.weight 	 Loaded
audio_branch.layers.3.blocks.0.norm1.bias 	 Loaded
audio_branch.layers.3.blocks.0.attn.relative_position_bias_table 	 Loaded
audio_branch.layers.3.blocks.0.attn.qkv.weight 	 Loaded
audio_branch.layers.3.blocks.0.attn.qkv.bias 	 Loaded
audio_branch.layers.3.blocks.0.attn.proj.weight 	 Loaded
audio_branch.layers.3.blocks.0.attn.proj.bias 	 Loaded
audio_branch.layers.3.blocks.0.norm2.weight 	 Loaded
audio_branch.layers.3.blocks.0.norm2.bias 	 Loaded
audio_branch.layers.3.blocks.0.mlp.fc1.weight 	 Loaded
audio_branch.layers.3.blocks.0.mlp.fc1.bias 	 Loaded
audio_branch.layers.3.blocks.0.mlp.fc2.weight 	 Loaded
audio_branch.layers.3.blocks.0.mlp.fc2.bias 	 Loaded
audio_branch.layers.3.blocks.1.norm1.weight 	 Loaded
audio_branch.layers.3.blocks.1.norm1.bias 	 Loaded
audio_branch.layers.3.blocks.1.attn.relative_position_bias_table 	 Loaded
audio_branch.layers.3.blocks.1.attn.qkv.weight 	 Loaded
audio_branch.layers.3.blocks.1.attn.qkv.bias 	 Loaded
audio_branch.layers.3.blocks.1.attn.proj.weight 	 Loaded
audio_branch.layers.3.blocks.1.attn.proj.bias 	 Loaded
audio_branch.layers.3.blocks.1.norm2.weight 	 Loaded
audio_branch.layers.3.blocks.1.norm2.bias 	 Loaded
audio_branch.layers.3.blocks.1.mlp.fc1.weight 	 Loaded
audio_branch.layers.3.blocks.1.mlp.fc1.bias 	 Loaded
audio_branch.layers.3.blocks.1.mlp.fc2.weight 	 Loaded
audio_branch.layers.3.blocks.1.mlp.fc2.bias 	 Loaded
audio_branch.norm.weight 	 Loaded
audio_branch.norm.bias 	 Loaded
audio_branch.tscam_conv.weight 	 Loaded
audio_branch.tscam_conv.bias 	 Loaded
audio_branch.head.weight 	 Loaded
audio_branch.head.bias 	 Loaded
text_branch.embeddings.word_embeddings.weight 	 Loaded
text_branch.embeddings.position_embeddings.weight 	 Loaded
text_branch.embeddings.token_type_embeddings.weight 	 Loaded
text_branch.embeddings.LayerNorm.weight 	 Loaded
text_branch.embeddings.LayerNorm.bias 	 Loaded
text_branch.encoder.layer.0.attention.self.query.weight 	 Loaded
text_branch.encoder.layer.0.attention.self.query.bias 	 Loaded
text_branch.encoder.layer.0.attention.self.key.weight 	 Loaded
text_branch.encoder.layer.0.attention.self.key.bias 	 Loaded
text_branch.encoder.layer.0.attention.self.value.weight 	 Loaded
text_branch.encoder.layer.0.attention.self.value.bias 	 Loaded
text_branch.encoder.layer.0.attention.output.dense.weight 	 Loaded
text_branch.encoder.layer.0.attention.output.dense.bias 	 Loaded
text_branch.encoder.layer.0.attention.output.LayerNorm.weight 	 Loaded
text_branch.encoder.layer.0.attention.output.LayerNorm.bias 	 Loaded
text_branch.encoder.layer.0.intermediate.dense.weight 	 Loaded
text_branch.encoder.layer.0.intermediate.dense.bias 	 Loaded
text_branch.encoder.layer.0.output.dense.weight 	 Loaded
text_branch.encoder.layer.0.output.dense.bias 	 Loaded
text_branch.encoder.layer.0.output.LayerNorm.weight 	 Loaded
text_branch.encoder.layer.0.output.LayerNorm.bias 	 Loaded
text_branch.encoder.layer.1.attention.self.query.weight 	 Loaded
text_branch.encoder.layer.1.attention.self.query.bias 	 Loaded
text_branch.encoder.layer.1.attention.self.key.weight 	 Loaded
text_branch.encoder.layer.1.attention.self.key.bias 	 Loaded
text_branch.encoder.layer.1.attention.self.value.weight 	 Loaded
text_branch.encoder.layer.1.attention.self.value.bias 	 Loaded
text_branch.encoder.layer.1.attention.output.dense.weight 	 Loaded
text_branch.encoder.layer.1.attention.output.dense.bias 	 Loaded
text_branch.encoder.layer.1.attention.output.LayerNorm.weight 	 Loaded
text_branch.encoder.layer.1.attention.output.LayerNorm.bias 	 Loaded
text_branch.encoder.layer.1.intermediate.dense.weight 	 Loaded
text_branch.encoder.layer.1.intermediate.dense.bias 	 Loaded
text_branch.encoder.layer.1.output.dense.weight 	 Loaded
text_branch.encoder.layer.1.output.dense.bias 	 Loaded
text_branch.encoder.layer.1.output.LayerNorm.weight 	 Loaded
text_branch.encoder.layer.1.output.LayerNorm.bias 	 Loaded
text_branch.encoder.layer.2.attention.self.query.weight 	 Loaded
text_branch.encoder.layer.2.attention.self.query.bias 	 Loaded
text_branch.encoder.layer.2.attention.self.key.weight 	 Loaded
text_branch.encoder.layer.2.attention.self.key.bias 	 Loaded
text_branch.encoder.layer.2.attention.self.value.weight 	 Loaded
text_branch.encoder.layer.2.attention.self.value.bias 	 Loaded
text_branch.encoder.layer.2.attention.output.dense.weight 	 Loaded
text_branch.encoder.layer.2.attention.output.dense.bias 	 Loaded
text_branch.encoder.layer.2.attention.output.LayerNorm.weight 	 Loaded
text_branch.encoder.layer.2.attention.output.LayerNorm.bias 	 Loaded
text_branch.encoder.layer.2.intermediate.dense.weight 	 Loaded
text_branch.encoder.layer.2.intermediate.dense.bias 	 Loaded
text_branch.encoder.layer.2.output.dense.weight 	 Loaded
text_branch.encoder.layer.2.output.dense.bias 	 Loaded
text_branch.encoder.layer.2.output.LayerNorm.weight 	 Loaded
text_branch.encoder.layer.2.output.LayerNorm.bias 	 Loaded
text_branch.encoder.layer.3.attention.self.query.weight 	 Loaded
text_branch.encoder.layer.3.attention.self.query.bias 	 Loaded
text_branch.encoder.layer.3.attention.self.key.weight 	 Loaded
text_branch.encoder.layer.3.attention.self.key.bias 	 Loaded
text_branch.encoder.layer.3.attention.self.value.weight 	 Loaded
text_branch.encoder.layer.3.attention.self.value.bias 	 Loaded
text_branch.encoder.layer.3.attention.output.dense.weight 	 Loaded
text_branch.encoder.layer.3.attention.output.dense.bias 	 Loaded
text_branch.encoder.layer.3.attention.output.LayerNorm.weight 	 Loaded
text_branch.encoder.layer.3.attention.output.LayerNorm.bias 	 Loaded
text_branch.encoder.layer.3.intermediate.dense.weight 	 Loaded
text_branch.encoder.layer.3.intermediate.dense.bias 	 Loaded
text_branch.encoder.layer.3.output.dense.weight 	 Loaded
text_branch.encoder.layer.3.output.dense.bias 	 Loaded
text_branch.encoder.layer.3.output.LayerNorm.weight 	 Loaded
text_branch.encoder.layer.3.output.LayerNorm.bias 	 Loaded
text_branch.encoder.layer.4.attention.self.query.weight 	 Loaded
text_branch.encoder.layer.4.attention.self.query.bias 	 Loaded
text_branch.encoder.layer.4.attention.self.key.weight 	 Loaded
text_branch.encoder.layer.4.attention.self.key.bias 	 Loaded
text_branch.encoder.layer.4.attention.self.value.weight 	 Loaded
text_branch.encoder.layer.4.attention.self.value.bias 	 Loaded
text_branch.encoder.layer.4.attention.output.dense.weight 	 Loaded
text_branch.encoder.layer.4.attention.output.dense.bias 	 Loaded
text_branch.encoder.layer.4.attention.output.LayerNorm.weight 	 Loaded
text_branch.encoder.layer.4.attention.output.LayerNorm.bias 	 Loaded
text_branch.encoder.layer.4.intermediate.dense.weight 	 Loaded
text_branch.encoder.layer.4.intermediate.dense.bias 	 Loaded
text_branch.encoder.layer.4.output.dense.weight 	 Loaded
text_branch.encoder.layer.4.output.dense.bias 	 Loaded
text_branch.encoder.layer.4.output.LayerNorm.weight 	 Loaded
text_branch.encoder.layer.4.output.LayerNorm.bias 	 Loaded
text_branch.encoder.layer.5.attention.self.query.weight 	 Loaded
text_branch.encoder.layer.5.attention.self.query.bias 	 Loaded
text_branch.encoder.layer.5.attention.self.key.weight 	 Loaded
text_branch.encoder.layer.5.attention.self.key.bias 	 Loaded
text_branch.encoder.layer.5.attention.self.value.weight 	 Loaded
text_branch.encoder.layer.5.attention.self.value.bias 	 Loaded
text_branch.encoder.layer.5.attention.output.dense.weight 	 Loaded
text_branch.encoder.layer.5.attention.output.dense.bias 	 Loaded
text_branch.encoder.layer.5.attention.output.LayerNorm.weight 	 Loaded
text_branch.encoder.layer.5.attention.output.LayerNorm.bias 	 Loaded
text_branch.encoder.layer.5.intermediate.dense.weight 	 Loaded
text_branch.encoder.layer.5.intermediate.dense.bias 	 Loaded
text_branch.encoder.layer.5.output.dense.weight 	 Loaded
text_branch.encoder.layer.5.output.dense.bias 	 Loaded
text_branch.encoder.layer.5.output.LayerNorm.weight 	 Loaded
text_branch.encoder.layer.5.output.LayerNorm.bias 	 Loaded
text_branch.encoder.layer.6.attention.self.query.weight 	 Loaded
text_branch.encoder.layer.6.attention.self.query.bias 	 Loaded
text_branch.encoder.layer.6.attention.self.key.weight 	 Loaded
text_branch.encoder.layer.6.attention.self.key.bias 	 Loaded
text_branch.encoder.layer.6.attention.self.value.weight 	 Loaded
text_branch.encoder.layer.6.attention.self.value.bias 	 Loaded
text_branch.encoder.layer.6.attention.output.dense.weight 	 Loaded
text_branch.encoder.layer.6.attention.output.dense.bias 	 Loaded
text_branch.encoder.layer.6.attention.output.LayerNorm.weight 	 Loaded
text_branch.encoder.layer.6.attention.output.LayerNorm.bias 	 Loaded
text_branch.encoder.layer.6.intermediate.dense.weight 	 Loaded
text_branch.encoder.layer.6.intermediate.dense.bias 	 Loaded
text_branch.encoder.layer.6.output.dense.weight 	 Loaded
text_branch.encoder.layer.6.output.dense.bias 	 Loaded
text_branch.encoder.layer.6.output.LayerNorm.weight 	 Loaded
text_branch.encoder.layer.6.output.LayerNorm.bias 	 Loaded
text_branch.encoder.layer.7.attention.self.query.weight 	 Loaded
text_branch.encoder.layer.7.attention.self.query.bias 	 Loaded
text_branch.encoder.layer.7.attention.self.key.weight 	 Loaded
text_branch.encoder.layer.7.attention.self.key.bias 	 Loaded
text_branch.encoder.layer.7.attention.self.value.weight 	 Loaded
text_branch.encoder.layer.7.attention.self.value.bias 	 Loaded
text_branch.encoder.layer.7.attention.output.dense.weight 	 Loaded
text_branch.encoder.layer.7.attention.output.dense.bias 	 Loaded
text_branch.encoder.layer.7.attention.output.LayerNorm.weight 	 Loaded
text_branch.encoder.layer.7.attention.output.LayerNorm.bias 	 Loaded
text_branch.encoder.layer.7.intermediate.dense.weight 	 Loaded
text_branch.encoder.layer.7.intermediate.dense.bias 	 Loaded
text_branch.encoder.layer.7.output.dense.weight 	 Loaded
text_branch.encoder.layer.7.output.dense.bias 	 Loaded
text_branch.encoder.layer.7.output.LayerNorm.weight 	 Loaded
text_branch.encoder.layer.7.output.LayerNorm.bias 	 Loaded
text_branch.encoder.layer.8.attention.self.query.weight 	 Loaded
text_branch.encoder.layer.8.attention.self.query.bias 	 Loaded
text_branch.encoder.layer.8.attention.self.key.weight 	 Loaded
text_branch.encoder.layer.8.attention.self.key.bias 	 Loaded
text_branch.encoder.layer.8.attention.self.value.weight 	 Loaded
text_branch.encoder.layer.8.attention.self.value.bias 	 Loaded
text_branch.encoder.layer.8.attention.output.dense.weight 	 Loaded
text_branch.encoder.layer.8.attention.output.dense.bias 	 Loaded
text_branch.encoder.layer.8.attention.output.LayerNorm.weight 	 Loaded
text_branch.encoder.layer.8.attention.output.LayerNorm.bias 	 Loaded
text_branch.encoder.layer.8.intermediate.dense.weight 	 Loaded
text_branch.encoder.layer.8.intermediate.dense.bias 	 Loaded
text_branch.encoder.layer.8.output.dense.weight 	 Loaded
text_branch.encoder.layer.8.output.dense.bias 	 Loaded
text_branch.encoder.layer.8.output.LayerNorm.weight 	 Loaded
text_branch.encoder.layer.8.output.LayerNorm.bias 	 Loaded
text_branch.encoder.layer.9.attention.self.query.weight 	 Loaded
text_branch.encoder.layer.9.attention.self.query.bias 	 Loaded
text_branch.encoder.layer.9.attention.self.key.weight 	 Loaded
text_branch.encoder.layer.9.attention.self.key.bias 	 Loaded
text_branch.encoder.layer.9.attention.self.value.weight 	 Loaded
text_branch.encoder.layer.9.attention.self.value.bias 	 Loaded
text_branch.encoder.layer.9.attention.output.dense.weight 	 Loaded
text_branch.encoder.layer.9.attention.output.dense.bias 	 Loaded
text_branch.encoder.layer.9.attention.output.LayerNorm.weight 	 Loaded
text_branch.encoder.layer.9.attention.output.LayerNorm.bias 	 Loaded
text_branch.encoder.layer.9.intermediate.dense.weight 	 Loaded
text_branch.encoder.layer.9.intermediate.dense.bias 	 Loaded
text_branch.encoder.layer.9.output.dense.weight 	 Loaded
text_branch.encoder.layer.9.output.dense.bias 	 Loaded
text_branch.encoder.layer.9.output.LayerNorm.weight 	 Loaded
text_branch.encoder.layer.9.output.LayerNorm.bias 	 Loaded
text_branch.encoder.layer.10.attention.self.query.weight 	 Loaded
text_branch.encoder.layer.10.attention.self.query.bias 	 Loaded
text_branch.encoder.layer.10.attention.self.key.weight 	 Loaded
text_branch.encoder.layer.10.attention.self.key.bias 	 Loaded
text_branch.encoder.layer.10.attention.self.value.weight 	 Loaded
text_branch.encoder.layer.10.attention.self.value.bias 	 Loaded
text_branch.encoder.layer.10.attention.output.dense.weight 	 Loaded
text_branch.encoder.layer.10.attention.output.dense.bias 	 Loaded
text_branch.encoder.layer.10.attention.output.LayerNorm.weight 	 Loaded
text_branch.encoder.layer.10.attention.output.LayerNorm.bias 	 Loaded
text_branch.encoder.layer.10.intermediate.dense.weight 	 Loaded
text_branch.encoder.layer.10.intermediate.dense.bias 	 Loaded
text_branch.encoder.layer.10.output.dense.weight 	 Loaded
text_branch.encoder.layer.10.output.dense.bias 	 Loaded
text_branch.encoder.layer.10.output.LayerNorm.weight 	 Loaded
text_branch.encoder.layer.10.output.LayerNorm.bias 	 Loaded
text_branch.encoder.layer.11.attention.self.query.weight 	 Loaded
text_branch.encoder.layer.11.attention.self.query.bias 	 Loaded
text_branch.encoder.layer.11.attention.self.key.weight 	 Loaded
text_branch.encoder.layer.11.attention.self.key.bias 	 Loaded
text_branch.encoder.layer.11.attention.self.value.weight 	 Loaded
text_branch.encoder.layer.11.attention.self.value.bias 	 Loaded
text_branch.encoder.layer.11.attention.output.dense.weight 	 Loaded
text_branch.encoder.layer.11.attention.output.dense.bias 	 Loaded
text_branch.encoder.layer.11.attention.output.LayerNorm.weight 	 Loaded
text_branch.encoder.layer.11.attention.output.LayerNorm.bias 	 Loaded
text_branch.encoder.layer.11.intermediate.dense.weight 	 Loaded
text_branch.encoder.layer.11.intermediate.dense.bias 	 Loaded
text_branch.encoder.layer.11.output.dense.weight 	 Loaded
text_branch.encoder.layer.11.output.dense.bias 	 Loaded
text_branch.encoder.layer.11.output.LayerNorm.weight 	 Loaded
text_branch.encoder.layer.11.output.LayerNorm.bias 	 Loaded
text_branch.pooler.dense.weight 	 Loaded
text_branch.pooler.dense.bias 	 Loaded
text_transform.sequential.0.weight 	 Loaded
text_transform.sequential.0.bias 	 Loaded
text_transform.sequential.3.weight 	 Loaded
text_transform.sequential.3.bias 	 Loaded
text_projection.0.weight 	 Loaded
text_projection.0.bias 	 Loaded
text_projection.2.weight 	 Loaded
text_projection.2.bias 	 Loaded
audio_transform.sequential.0.weight 	 Loaded
audio_transform.sequential.0.bias 	 Loaded
audio_transform.sequential.3.weight 	 Loaded
audio_transform.sequential.3.bias 	 Loaded
audio_projection.0.weight 	 Loaded
audio_projection.0.bias 	 Loaded
audio_projection.2.weight 	 Loaded
audio_projection.2.bias 	 Loaded
[temporal_offset] train pairs=2810 held-out pairs=536 (21 of 105 recordings held out)  trainable params: 273,148
[null] best EEG-free rule on these 536 held-out pairs: 0.5000 (candidate identity)   0.5000 (subject + candidate identity)

 epoch  train_loss  held_out_acc     sec
     0      0.6962        0.4683    40.5
     1      0.6916        0.4739    40.2
     2      0.6890        0.4963    40.2
     3      0.6867        0.5131    40.1
     4      0.6880        0.4888    40.1
     5      0.6880        0.4981    40.1
     6      0.6866        0.4888    40.1
     7      0.6826        0.5056    39.8
     8      0.6816        0.5056    40.1
     9      0.6764        0.5000    40.1
    10      0.6769        0.4851    40.1
    11      0.6721        0.4981    40.1
    12      0.6680        0.4851    40.1
    13      0.6660        0.5000    40.1
    14      0.6646        0.4907    39.9
    15      0.6678        0.4757    40.2
    16      0.6643        0.4981    40.1
    17      0.6606        0.4907    40.2
    18      0.6584        0.4795    40.2
    19      0.6570        0.4907    40.2
    20      0.6522        0.4701    40.1
    21      0.6511        0.5056    40.0
    22      0.6485        0.4590    40.0
    23      0.6456        0.4608    40.1
    24      0.6427        0.4720    40.1
    25      0.6414        0.4701    40.1
    26      0.6378        0.5056    40.1
    27      0.6363        0.4869    40.1
    28      0.6321        0.4907    40.1
    29      0.6329        0.4888    40.1
    30      0.6260        0.4701    40.1
    31      0.6217        0.4981    40.1
    32      0.6249        0.4720    40.1
    33      0.6132        0.4813    40.1
    34      0.6178        0.5019    40.1
    35      0.6137        0.4720    40.1
    36      0.6165        0.4757    40.1
    37      0.6010        0.5093    40.1
    38      0.6044        0.4907    40.1
    39      0.6030        0.5392    40.1
    40      0.6012        0.5317    40.1
    41      0.5873        0.5429    40.2
    42      0.5952        0.5187    40.2
    43      0.5812        0.4907    40.2
    44      0.5887        0.4981    40.1
    45      0.5738        0.4851    40.2
    46      0.5733        0.4795    40.1
    47      0.5808        0.4832    40.1
    48      0.5639        0.4869    39.7
    49      0.5668        0.5131    39.6
    50      0.5590        0.5019    39.6
    51      0.5674        0.5112    39.6
    52      0.5562        0.4851    39.6
    53      0.5520        0.5000    39.7
    54      0.5460        0.5093    39.6
    55      0.5429        0.5093    39.6
    56      0.5447        0.4851    39.6
    57      0.5277        0.5131    39.7
    58      0.5439        0.5224    39.7
    59      0.5399        0.4757    39.7
    60      0.5263        0.4627    39.7
    61      0.5251        0.5056    39.7
    62      0.5187        0.4907    39.7
    63      0.5095        0.4869    39.7
    64      0.5211        0.5131    39.6
    65      0.5007        0.4701    39.6
    66      0.4976        0.5149    39.6
    67      0.4934        0.5037    39.6
    68      0.4972        0.4925    39.6
    69      0.4886        0.4963    39.6
    70      0.4789        0.5056    39.6
    71      0.4830        0.4944    39.6
    72      0.4760        0.5131    39.6
    73      0.4697        0.5056    39.6
    74      0.4695        0.5168    39.6
    75      0.4652        0.4720    39.6
    76      0.4619        0.4925    39.5
    77      0.4557        0.4963    39.4
    78      0.4447        0.5112    39.4
    79      0.4508        0.4627    39.4
    80      0.4421        0.4925    39.5
    81      0.4368        0.5261    39.5
    82      0.4445        0.5075    39.4
    83      0.4267        0.4925    39.4
    84      0.4245        0.4627    39.3
    85      0.4203        0.4869    39.4
    86      0.4215        0.4683    39.4
    87      0.4145        0.5168    39.4
    88      0.4058        0.4869    39.4
    89      0.4046        0.4832    39.4
    90      0.4088        0.4907    39.4
    91      0.4053        0.4869    39.4
    92      0.3971        0.4813    39.4
    93      0.3883        0.5056    39.4
    94      0.3903        0.4963    39.4
    95      0.3841        0.5112    39.4
    96      0.3734        0.5019    39.7
    97      0.3840        0.4907    39.9
    98      0.3775        0.5261    39.7
    99      0.3778        0.4795    40.0
   100      0.3877        0.5354    40.0
   101      0.3736        0.5093    39.9
   102      0.3630        0.4981    40.0
   103      0.3567        0.4757    40.0
   104      0.3486        0.5093    40.0
   105      0.3629        0.4907    39.9
   106      0.3751        0.5075    40.0
   107      0.3579        0.4981    39.7
   108      0.3527        0.5037    39.6
   109      0.3432        0.5205    39.6
   110      0.3549        0.5056    39.6
   111      0.3497        0.4701    39.6
   112      0.3403        0.4608    39.5
   113      0.3358        0.5336    39.5
   114      0.3369        0.4739    39.5
   115      0.3296        0.4851    39.5
   116      0.3349        0.4720    39.5
   117      0.3350        0.4701    39.5
   118      0.3217        0.4776    39.5
   119      0.3160        0.4552    39.4

==============================================================
!! THE REPORTED NUMBER IS THE ONE AT THE STOPPING EPOCH, and the stopping epoch is
!! defined by the TRAIN loss alone. It is NOT the best held-out accuracy seen along
!! the way, and the best held-out accuracy is not a result of this run at any epoch:
!! picking the epoch by looking at the held-out set is selecting on the test set.
!! The full curve below is printed for readability only -- every row of it except
!! the last is a diagnostic, never a number to quote.

[temporal_offset] 244/536 = 0.4552   null 0.5000 (best rule that ignores the EEG, measured on these 536 pairs)   0.5000 (same, allowed to condition on the subject)
  one-sided binomial vs the measured null 0.5000: p = 0.9829  (descriptive: pairs inside a recording share EEG windows)
  per held-out recording: 21 recordings, mean 0.4215, 3/21 above 0.5
  reported at epoch 119 of 120 run (cap 120); train loss 0.6962 -> 0.3160
  pre-registered gate: held-out accuracy >= 0.70, against a measured null of 0.5000 <= 0.52
  -->  NOT PASSED -- the contract stops here

  [Exp. 19 §1] 🟡 NOT CONCLUSIVE -- the train loss was still improving by more than 0.002 when the 120-epoch cap was reached (last 0.3160). The budget was not enough. No third run without a new contract.

  written to /home/andrea.giampietro/EEG-Attention-decoding-with-CLAP/runs/results/madeeg_exp19_temporal_offset
