nohup: ignoring input
[env] Fri Jun 26 09:38:33 AM CEST 2026 env=eeg_attention CUDA_VISIBLE_DEVICES=0 SHARD=0/2
[env] torch=2.2.2+cu121 cuda=True dev=NVIDIA L40S
[resume] folds already done: 68
  skip(done): classify_eeg|raw|raw|within|-1
  skip(done): classify_eeg|raw|spectra|within|-1
  skip(done): contrastive|raw|raw|within|-1
  skip(done): contrastive|raw|spectra|within|-1
  skip(done): classify_eeg|raw|raw|leave_song_out|2
  skip(done): classify_eeg|raw|spectra|leave_song_out|2
  skip(done): contrastive|raw|raw|leave_song_out|2
  skip(done): contrastive|raw|spectra|leave_song_out|2
  skip(done): classify_eeg|raw|raw|leave_song_out|44
  skip(done): classify_eeg|raw|spectra|leave_song_out|44
  skip(done): contrastive|raw|raw|leave_song_out|44
  skip(done): contrastive|raw|spectra|leave_song_out|44
  skip(done): classify_eeg|raw|raw|leave_song_out|3
  skip(done): classify_eeg|raw|spectra|leave_song_out|3
  skip(done): contrastive|raw|raw|leave_song_out|3
  skip(done): contrastive|raw|spectra|leave_song_out|3
  skip(done): classify_eeg|raw|raw|leave_song_out|50
  skip(done): classify_eeg|raw|spectra|leave_song_out|50
  skip(done): contrastive|raw|raw|leave_song_out|50

===== [09:38] spectra_ct_raw_lso_song50  (contrastive|raw|spectra|leave_song_out|50)  elapsed 0m =====
  TRAIN
/home/andrea.giampietro/.conda/envs/eeg_attention/lib/python3.9/site-packages/lightning_fabric/__init__.py:29: UserWarning: pkg_resources is deprecated as an API. See https://setuptools.pypa.io/en/latest/pkg_resources.html. The pkg_resources package is slated for removal as early as 2025-11-30. Refrain from using this package or pin to Setuptools<81.
  __import__("pkg_resources").declare_namespace(__name__)
[paths] host=edu02 host_profile_keys=[] cpu=128 cpu_effective=8
[paths] dataset_dir=../dataset
[paths] log_dir=../results
[paths] workers=7
[rank: 0] Global seed set to 42
no augmentation
[cv] mode=leave_song_out held_out_id=50
Size of train dataset: 3377
Size of valid dataset: 1133
Size of test dataset: 104
[eeg] SpectraEEG (raw 2D-CNN + band-power frequency branch)
[audio] SampleCNN2DEEG (4 independent encoders, Akama baseline)
EEG Contrastive learning
use CLIP_loss as criterion
[paths] tty=False (progress bar off, epoch summaries instead)
GPU available: True (cuda), used: True
TPU available: False, using: 0 TPU cores
IPU available: False, using: 0 IPUs
HPU available: False, using: 0 HPUs
[[[ START ]]] 2026-06-26 09:39:41.228712
You are using a CUDA device ('NVIDIA L40S') that has Tensor Cores. To properly utilize them, you should set `torch.set_float32_matmul_precision('medium' | 'high')` which will trade-off precision for performance. For more details, read https://pytorch.org/docs/stable/generated/torch.set_float32_matmul_precision.html#torch.set_float32_matmul_precision
Missing logger folder: ../results/spectra_ct_raw_lso_song50/nmed-CL-preprocessing_eegmusic
LOCAL_RANK: 0 - CUDA_VISIBLE_DEVICES: [0]

  | Name           | Type           | Params
--------------------------------------------------
0 | encoder_raw_e  | SpectraEEG     | 153 K 
1 | encoder_vocal  | SampleCNN2DEEG | 116 K 
2 | encoder_drum   | SampleCNN2DEEG | 116 K 
3 | encoder_bass   | SampleCNN2DEEG | 116 K 
4 | encoder_others | SampleCNN2DEEG | 116 K 
5 | criterion      | CLIP_Loss      | 0     
--------------------------------------------------
617 K     Trainable params
0         Non-trainable params
617 K     Total params
2.472     Total estimated model params size (MB)
SLURM auto-requeueing enabled. Setting signal handlers.
[epoch    0] train_loss=n/a val_loss=3.5609
2026-06-26 09:39:45,382 - dataloader_debug - INFO - --- Valid Epoch 0 Summary ---
  Total samples: 16
  High attention samples: 16
  Task distribution: [16, 0, 0, 0]
  Global Accuracy (All): 0.0000
  Global Accuracy (Att): 0.0000
----------------------------------------
[epoch    0] train_loss=1.8591 val_loss=3.0209
2026-06-26 09:45:41,266 - dataloader_debug - INFO - --- Valid Epoch 0 Summary ---
  Total samples: 1128
  High attention samples: 847
  Task distribution: [649, 165, 105, 209]
  Global Accuracy (All): 0.3998
  Global Accuracy (Att): 0.4604
----------------------------------------
Metric Valid/loss improved. New best score: 3.021
2026-06-26 09:45:41,642 - dataloader_debug - INFO - --- Train Epoch 0 Summary ---
  Total samples: 3376
  High attention samples: 2442
  Batches w/o high attention: 0
  Task distribution: [1628, 616, 659, 473]
  Batches skipping tasks: [1, 95, 64, 123]
---------------------------------------
[epoch    1] train_loss=1.6127 val_loss=3.1681
2026-06-26 09:51:35,429 - dataloader_debug - INFO - --- Valid Epoch 1 Summary ---
  Total samples: 1128
  High attention samples: 847
  Task distribution: [649, 165, 105, 209]
  Global Accuracy (All): 0.3271
  Global Accuracy (Att): 0.3353
----------------------------------------
2026-06-26 09:51:35,446 - dataloader_debug - INFO - --- Train Epoch 1 Summary ---
  Total samples: 3376
  High attention samples: 2441
  Batches w/o high attention: 0
  Task distribution: [1627, 616, 660, 473]
  Batches skipping tasks: [2, 84, 86, 125]
---------------------------------------
bypassing sigterm
Traceback (most recent call last):
  File "/home/andrea.giampietro/EEG-Attention-decoding-with-CLAP/src/main.py", line 412, in <module>
    trainer.fit(module, train_dataloaders=train_loader, val_dataloaders=valid_loader)
  File "/home/andrea.giampietro/.conda/envs/eeg_attention/lib/python3.9/site-packages/pytorch_lightning/trainer/trainer.py", line 608, in fit
    call._call_and_handle_interrupt(
  File "/home/andrea.giampietro/.conda/envs/eeg_attention/lib/python3.9/site-packages/pytorch_lightning/trainer/call.py", line 38, in _call_and_handle_interrupt
    return trainer_fn(*args, **kwargs)
  File "/home/andrea.giampietro/.conda/envs/eeg_attention/lib/python3.9/site-packages/pytorch_lightning/trainer/trainer.py", line 650, in _fit_impl
    self._run(model, ckpt_path=self.ckpt_path)
  File "/home/andrea.giampietro/.conda/envs/eeg_attention/lib/python3.9/site-packages/pytorch_lightning/trainer/trainer.py", line 1112, in _run
    results = self._run_stage()
  File "/home/andrea.giampietro/.conda/envs/eeg_attention/lib/python3.9/site-packages/pytorch_lightning/trainer/trainer.py", line 1191, in _run_stage
    self._run_train()
  File "/home/andrea.giampietro/.conda/envs/eeg_attention/lib/python3.9/site-packages/pytorch_lightning/trainer/trainer.py", line 1214, in _run_train
    self.fit_loop.run()
  File "/home/andrea.giampietro/.conda/envs/eeg_attention/lib/python3.9/site-packages/pytorch_lightning/loops/loop.py", line 199, in run
    self.advance(*args, **kwargs)
  File "/home/andrea.giampietro/.conda/envs/eeg_attention/lib/python3.9/site-packages/pytorch_lightning/loops/fit_loop.py", line 267, in advance
    self._outputs = self.epoch_loop.run(self._data_fetcher)
  File "/home/andrea.giampietro/.conda/envs/eeg_attention/lib/python3.9/site-packages/pytorch_lightning/loops/loop.py", line 199, in run
    self.advance(*args, **kwargs)
  File "/home/andrea.giampietro/.conda/envs/eeg_attention/lib/python3.9/site-packages/pytorch_lightning/loops/epoch/training_epoch_loop.py", line 213, in advance
    batch_output = self.batch_loop.run(kwargs)
  File "/home/andrea.giampietro/.conda/envs/eeg_attention/lib/python3.9/site-packages/pytorch_lightning/loops/loop.py", line 199, in run
    self.advance(*args, **kwargs)
  File "/home/andrea.giampietro/.conda/envs/eeg_attention/lib/python3.9/site-packages/pytorch_lightning/loops/batch/training_batch_loop.py", line 88, in advance
    outputs = self.optimizer_loop.run(optimizers, kwargs)
  File "/home/andrea.giampietro/.conda/envs/eeg_attention/lib/python3.9/site-packages/pytorch_lightning/loops/loop.py", line 199, in run
    self.advance(*args, **kwargs)
  File "/home/andrea.giampietro/.conda/envs/eeg_attention/lib/python3.9/site-packages/pytorch_lightning/loops/optimization/optimizer_loop.py", line 202, in advance
    result = self._run_optimization(kwargs, self._optimizers[self.optim_progress.optimizer_position])
  File "/home/andrea.giampietro/.conda/envs/eeg_attention/lib/python3.9/site-packages/pytorch_lightning/loops/optimization/optimizer_loop.py", line 241, in _run_optimization
    closure()
  File "/home/andrea.giampietro/.conda/envs/eeg_attention/lib/python3.9/site-packages/pytorch_lightning/loops/optimization/optimizer_loop.py", line 149, in __call__
    self._result = self.closure(*args, **kwargs)
  File "/home/andrea.giampietro/.conda/envs/eeg_attention/lib/python3.9/site-packages/pytorch_lightning/loops/optimization/optimizer_loop.py", line 135, in closure
    step_output = self._step_fn()
  File "/home/andrea.giampietro/.conda/envs/eeg_attention/lib/python3.9/site-packages/pytorch_lightning/loops/optimization/optimizer_loop.py", line 419, in _training_step
    training_step_output = self.trainer._call_strategy_hook("training_step", *kwargs.values())
  File "/home/andrea.giampietro/.conda/envs/eeg_attention/lib/python3.9/site-packages/pytorch_lightning/trainer/trainer.py", line 1494, in _call_strategy_hook
    output = fn(*args, **kwargs)
  File "/home/andrea.giampietro/.conda/envs/eeg_attention/lib/python3.9/site-packages/pytorch_lightning/strategies/strategy.py", line 378, in training_step
    return self.model.training_step(*args, **kwargs)
  File "/home/andrea.giampietro/EEG-Attention-decoding-with-CLAP/src/modules/contrastive_learning.py", line 101, in training_step
    similarity_dict = self.criterion(
  File "/home/andrea.giampietro/.conda/envs/eeg_attention/lib/python3.9/site-packages/torch/nn/modules/module.py", line 1511, in _wrapped_call_impl
    return self._call_impl(*args, **kwargs)
  File "/home/andrea.giampietro/.conda/envs/eeg_attention/lib/python3.9/site-packages/torch/nn/modules/module.py", line 1520, in _call_impl
    return forward_call(*args, **kwargs)
  File "/home/andrea.giampietro/EEG-Attention-decoding-with-CLAP/src/modules/clip_loss.py", line 40, in forward
    losses, positive_list, negative_av,matrix_list= self.compute_task_loss(
  File "/home/andrea.giampietro/EEG-Attention-decoding-with-CLAP/src/modules/clip_loss.py", line 114, in compute_task_loss
    if task_mask0.sum() > 0:
  File "/home/andrea.giampietro/.conda/envs/eeg_attention/lib/python3.9/site-packages/torch/utils/data/_utils/signal_handling.py", line 66, in handler
    _error_if_any_worker_fails()
RuntimeError: DataLoader worker (pid 3997010) is killed by signal: Terminated. 
