nohup: ignoring input
[env] Fri Jun 19 11:14:56 AM CEST 2026 python=/home/andrea.giampietro/.conda/envs/eeg_attention/bin/python env=eeg_attention
[env] torch=2.2.2+cu121 cuda=True dev=NVIDIA L40S
[resume] folds already done: 24
  skip(done): contrastive|raw|2
  skip(done): contrastive|clap|2
  skip(done): classify_audio|raw|2
  skip(done): classify_eeg|raw|2
  skip(done): contrastive|raw|7

===== [11:15] ct_clap_lso_song7  (contrastive|clap|7)  elapsed 0m =====
  TRAIN
python: can't open file '/home/andrea.giampietro/EEG-Attention-decoding-with-CLAP/main.py': [Errno 2] No such file or directory
  no checkpoint (timeout/fail) -> skip test
  skip(done): classify_audio|raw|7
  skip(done): classify_eeg|raw|7

===== [11:15] ct_raw_lso_song44  (contrastive|raw|44)  elapsed 0m =====
  TRAIN
python: can't open file '/home/andrea.giampietro/EEG-Attention-decoding-with-CLAP/main.py': [Errno 2] No such file or directory
  no checkpoint (timeout/fail) -> skip test
  skip(done): contrastive|clap|44
  skip(done): classify_audio|raw|44
  skip(done): classify_eeg|raw|44

===== [11:15] ct_raw_lso_song8  (contrastive|raw|8)  elapsed 0m =====
  TRAIN
python: can't open file '/home/andrea.giampietro/EEG-Attention-decoding-with-CLAP/main.py': [Errno 2] No such file or directory
  no checkpoint (timeout/fail) -> skip test

===== [11:15] ct_clap_lso_song8  (contrastive|clap|8)  elapsed 0m =====
  TRAIN
python: can't open file '/home/andrea.giampietro/EEG-Attention-decoding-with-CLAP/main.py': [Errno 2] No such file or directory
  no checkpoint (timeout/fail) -> skip test
  skip(done): classify_audio|raw|8
  skip(done): classify_eeg|raw|8
  skip(done): contrastive|raw|3
  skip(done): contrastive|clap|3
  skip(done): classify_audio|raw|3

===== [11:15] clf_eeg_lso_song3  (classify_eeg|raw|3)  elapsed 0m =====
  TRAIN
python: can't open file '/home/andrea.giampietro/EEG-Attention-decoding-with-CLAP/main.py': [Errno 2] No such file or directory
  no checkpoint (timeout/fail) -> skip test

===== [11:15] ct_raw_lso_song18  (contrastive|raw|18)  elapsed 0m =====
  TRAIN
python: can't open file '/home/andrea.giampietro/EEG-Attention-decoding-with-CLAP/main.py': [Errno 2] No such file or directory
  no checkpoint (timeout/fail) -> skip test

===== [11:15] ct_clap_lso_song18  (contrastive|clap|18)  elapsed 0m =====
  TRAIN
python: can't open file '/home/andrea.giampietro/EEG-Attention-decoding-with-CLAP/main.py': [Errno 2] No such file or directory
  no checkpoint (timeout/fail) -> skip test

===== [11:15] clf_audio_raw_lso_song18  (classify_audio|raw|18)  elapsed 0m =====
  TRAIN
python: can't open file '/home/andrea.giampietro/EEG-Attention-decoding-with-CLAP/main.py': [Errno 2] No such file or directory
  no checkpoint (timeout/fail) -> skip test

===== [11:15] clf_eeg_lso_song18  (classify_eeg|raw|18)  elapsed 0m =====
  TRAIN
python: can't open file '/home/andrea.giampietro/EEG-Attention-decoding-with-CLAP/main.py': [Errno 2] No such file or directory
  no checkpoint (timeout/fail) -> skip test

===== [11:15] ct_raw_lso_song50  (contrastive|raw|50)  elapsed 0m =====
  TRAIN
python: can't open file '/home/andrea.giampietro/EEG-Attention-decoding-with-CLAP/main.py': [Errno 2] No such file or directory
  no checkpoint (timeout/fail) -> skip test

===== [11:15] ct_clap_lso_song50  (contrastive|clap|50)  elapsed 0m =====
  TRAIN
python: can't open file '/home/andrea.giampietro/EEG-Attention-decoding-with-CLAP/main.py': [Errno 2] No such file or directory
  no checkpoint (timeout/fail) -> skip test

===== [11:15] clf_audio_raw_lso_song50  (classify_audio|raw|50)  elapsed 0m =====
  TRAIN
python: can't open file '/home/andrea.giampietro/EEG-Attention-decoding-with-CLAP/main.py': [Errno 2] No such file or directory
  no checkpoint (timeout/fail) -> skip test

===== [11:15] clf_eeg_lso_song50  (classify_eeg|raw|50)  elapsed 0m =====
  TRAIN
python: can't open file '/home/andrea.giampietro/EEG-Attention-decoding-with-CLAP/main.py': [Errno 2] No such file or directory
  no checkpoint (timeout/fail) -> skip test

===== [11:15] ct_raw_lso_song16  (contrastive|raw|16)  elapsed 0m =====
  TRAIN
python: can't open file '/home/andrea.giampietro/EEG-Attention-decoding-with-CLAP/main.py': [Errno 2] No such file or directory
  no checkpoint (timeout/fail) -> skip test
  skip(done): contrastive|clap|16

===== [11:15] clf_audio_raw_lso_song16  (classify_audio|raw|16)  elapsed 0m =====
  TRAIN
python: can't open file '/home/andrea.giampietro/EEG-Attention-decoding-with-CLAP/main.py': [Errno 2] No such file or directory
  no checkpoint (timeout/fail) -> skip test

===== [11:15] clf_eeg_lso_song16  (classify_eeg|raw|16)  elapsed 0m =====
  TRAIN
python: can't open file '/home/andrea.giampietro/EEG-Attention-decoding-with-CLAP/main.py': [Errno 2] No such file or directory
  no checkpoint (timeout/fail) -> skip test

===== [11:15] ct_raw_lso_song5  (contrastive|raw|5)  elapsed 0m =====
  TRAIN
python: can't open file '/home/andrea.giampietro/EEG-Attention-decoding-with-CLAP/main.py': [Errno 2] No such file or directory
  no checkpoint (timeout/fail) -> skip test
  skip(done): contrastive|clap|5

===== [11:15] clf_audio_raw_lso_song5  (classify_audio|raw|5)  elapsed 0m =====
  TRAIN
python: can't open file '/home/andrea.giampietro/EEG-Attention-decoding-with-CLAP/main.py': [Errno 2] No such file or directory
  no checkpoint (timeout/fail) -> skip test

===== [11:15] clf_eeg_lso_song5  (classify_eeg|raw|5)  elapsed 0m =====
  TRAIN
python: can't open file '/home/andrea.giampietro/EEG-Attention-decoding-with-CLAP/main.py': [Errno 2] No such file or directory
  no checkpoint (timeout/fail) -> skip test

===== [11:15] ct_raw_lso_song59  (contrastive|raw|59)  elapsed 0m =====
  TRAIN
python: can't open file '/home/andrea.giampietro/EEG-Attention-decoding-with-CLAP/main.py': [Errno 2] No such file or directory
  no checkpoint (timeout/fail) -> skip test
  skip(done): contrastive|clap|59

===== [11:15] clf_audio_raw_lso_song59  (classify_audio|raw|59)  elapsed 0m =====
  TRAIN
python: can't open file '/home/andrea.giampietro/EEG-Attention-decoding-with-CLAP/main.py': [Errno 2] No such file or directory
  no checkpoint (timeout/fail) -> skip test

===== [11:15] clf_eeg_lso_song59  (classify_eeg|raw|59)  elapsed 0m =====
  TRAIN
python: can't open file '/home/andrea.giampietro/EEG-Attention-decoding-with-CLAP/main.py': [Errno 2] No such file or directory
  no checkpoint (timeout/fail) -> skip test

===== [11:15] ct_raw_lso_song55  (contrastive|raw|55)  elapsed 0m =====
  TRAIN
python: can't open file '/home/andrea.giampietro/EEG-Attention-decoding-with-CLAP/main.py': [Errno 2] No such file or directory
  no checkpoint (timeout/fail) -> skip test

===== [11:15] ct_clap_lso_song55  (contrastive|clap|55)  elapsed 0m =====
  TRAIN
python: can't open file '/home/andrea.giampietro/EEG-Attention-decoding-with-CLAP/main.py': [Errno 2] No such file or directory
  no checkpoint (timeout/fail) -> skip test

===== [11:15] clf_audio_raw_lso_song55  (classify_audio|raw|55)  elapsed 0m =====
  TRAIN
python: can't open file '/home/andrea.giampietro/EEG-Attention-decoding-with-CLAP/main.py': [Errno 2] No such file or directory
  no checkpoint (timeout/fail) -> skip test

===== [11:15] clf_eeg_lso_song55  (classify_eeg|raw|55)  elapsed 0m =====
  TRAIN
python: can't open file '/home/andrea.giampietro/EEG-Attention-decoding-with-CLAP/main.py': [Errno 2] No such file or directory
  no checkpoint (timeout/fail) -> skip test

===== [11:15] ct_raw_lso_song43  (contrastive|raw|43)  elapsed 0m =====
  TRAIN
python: can't open file '/home/andrea.giampietro/EEG-Attention-decoding-with-CLAP/main.py': [Errno 2] No such file or directory
  no checkpoint (timeout/fail) -> skip test

===== [11:15] ct_clap_lso_song43  (contrastive|clap|43)  elapsed 0m =====
  TRAIN
python: can't open file '/home/andrea.giampietro/EEG-Attention-decoding-with-CLAP/main.py': [Errno 2] No such file or directory
  no checkpoint (timeout/fail) -> skip test

===== [11:15] clf_audio_raw_lso_song43  (classify_audio|raw|43)  elapsed 0m =====
  TRAIN
python: can't open file '/home/andrea.giampietro/EEG-Attention-decoding-with-CLAP/main.py': [Errno 2] No such file or directory
  no checkpoint (timeout/fail) -> skip test

===== [11:15] clf_eeg_lso_song43  (classify_eeg|raw|43)  elapsed 0m =====
  TRAIN
python: can't open file '/home/andrea.giampietro/EEG-Attention-decoding-with-CLAP/main.py': [Errno 2] No such file or directory
  no checkpoint (timeout/fail) -> skip test

===== [11:15] ct_raw_lso_song33  (contrastive|raw|33)  elapsed 0m =====
  TRAIN
python: can't open file '/home/andrea.giampietro/EEG-Attention-decoding-with-CLAP/main.py': [Errno 2] No such file or directory
  no checkpoint (timeout/fail) -> skip test

===== [11:15] ct_clap_lso_song33  (contrastive|clap|33)  elapsed 0m =====
  TRAIN
python: can't open file '/home/andrea.giampietro/EEG-Attention-decoding-with-CLAP/main.py': [Errno 2] No such file or directory
  no checkpoint (timeout/fail) -> skip test

===== [11:15] clf_audio_raw_lso_song33  (classify_audio|raw|33)  elapsed 0m =====
  TRAIN
python: can't open file '/home/andrea.giampietro/EEG-Attention-decoding-with-CLAP/main.py': [Errno 2] No such file or directory
  no checkpoint (timeout/fail) -> skip test

===== [11:15] clf_eeg_lso_song33  (classify_eeg|raw|33)  elapsed 0m =====
  TRAIN
python: can't open file '/home/andrea.giampietro/EEG-Attention-decoding-with-CLAP/main.py': [Errno 2] No such file or directory
  no checkpoint (timeout/fail) -> skip test

===== [11:15] ct_raw_lso_song112  (contrastive|raw|112)  elapsed 0m =====
  TRAIN
python: can't open file '/home/andrea.giampietro/EEG-Attention-decoding-with-CLAP/main.py': [Errno 2] No such file or directory
  no checkpoint (timeout/fail) -> skip test

===== [11:15] ct_clap_lso_song112  (contrastive|clap|112)  elapsed 0m =====
  TRAIN
python: can't open file '/home/andrea.giampietro/EEG-Attention-decoding-with-CLAP/main.py': [Errno 2] No such file or directory
  no checkpoint (timeout/fail) -> skip test

===== [11:15] clf_audio_raw_lso_song112  (classify_audio|raw|112)  elapsed 0m =====
  TRAIN
python: can't open file '/home/andrea.giampietro/EEG-Attention-decoding-with-CLAP/main.py': [Errno 2] No such file or directory
  no checkpoint (timeout/fail) -> skip test

===== [11:15] clf_eeg_lso_song112  (classify_eeg|raw|112)  elapsed 0m =====
  TRAIN
python: can't open file '/home/andrea.giampietro/EEG-Attention-decoding-with-CLAP/main.py': [Errno 2] No such file or directory
  no checkpoint (timeout/fail) -> skip test

===== [11:15] ct_raw_lso_song68  (contrastive|raw|68)  elapsed 0m =====
  TRAIN
python: can't open file '/home/andrea.giampietro/EEG-Attention-decoding-with-CLAP/main.py': [Errno 2] No such file or directory
  no checkpoint (timeout/fail) -> skip test

===== [11:15] ct_clap_lso_song68  (contrastive|clap|68)  elapsed 0m =====
  TRAIN
python: can't open file '/home/andrea.giampietro/EEG-Attention-decoding-with-CLAP/main.py': [Errno 2] No such file or directory
  no checkpoint (timeout/fail) -> skip test

===== [11:15] clf_audio_raw_lso_song68  (classify_audio|raw|68)  elapsed 0m =====
  TRAIN
python: can't open file '/home/andrea.giampietro/EEG-Attention-decoding-with-CLAP/main.py': [Errno 2] No such file or directory
  no checkpoint (timeout/fail) -> skip test

===== [11:15] clf_eeg_lso_song68  (classify_eeg|raw|68)  elapsed 0m =====
  TRAIN
python: can't open file '/home/andrea.giampietro/EEG-Attention-decoding-with-CLAP/main.py': [Errno 2] No such file or directory
  no checkpoint (timeout/fail) -> skip test

===== [11:15] ct_raw_lso_song62  (contrastive|raw|62)  elapsed 0m =====
  TRAIN
python: can't open file '/home/andrea.giampietro/EEG-Attention-decoding-with-CLAP/main.py': [Errno 2] No such file or directory
  no checkpoint (timeout/fail) -> skip test

===== [11:15] ct_clap_lso_song62  (contrastive|clap|62)  elapsed 0m =====
  TRAIN
python: can't open file '/home/andrea.giampietro/EEG-Attention-decoding-with-CLAP/main.py': [Errno 2] No such file or directory
  no checkpoint (timeout/fail) -> skip test

===== [11:15] clf_audio_raw_lso_song62  (classify_audio|raw|62)  elapsed 0m =====
  TRAIN
python: can't open file '/home/andrea.giampietro/EEG-Attention-decoding-with-CLAP/main.py': [Errno 2] No such file or directory
  no checkpoint (timeout/fail) -> skip test

===== [11:15] clf_eeg_lso_song62  (classify_eeg|raw|62)  elapsed 0m =====
  TRAIN
python: can't open file '/home/andrea.giampietro/EEG-Attention-decoding-with-CLAP/main.py': [Errno 2] No such file or directory
  no checkpoint (timeout/fail) -> skip test

===== [11:15] ct_raw_lso_song45  (contrastive|raw|45)  elapsed 0m =====
  TRAIN
python: can't open file '/home/andrea.giampietro/EEG-Attention-decoding-with-CLAP/main.py': [Errno 2] No such file or directory
  no checkpoint (timeout/fail) -> skip test

===== [11:15] ct_clap_lso_song45  (contrastive|clap|45)  elapsed 0m =====
  TRAIN
python: can't open file '/home/andrea.giampietro/EEG-Attention-decoding-with-CLAP/main.py': [Errno 2] No such file or directory
  no checkpoint (timeout/fail) -> skip test

===== [11:15] clf_audio_raw_lso_song45  (classify_audio|raw|45)  elapsed 0m =====
  TRAIN
python: can't open file '/home/andrea.giampietro/EEG-Attention-decoding-with-CLAP/main.py': [Errno 2] No such file or directory
  no checkpoint (timeout/fail) -> skip test

===== [11:15] clf_eeg_lso_song45  (classify_eeg|raw|45)  elapsed 0m =====
  TRAIN
python: can't open file '/home/andrea.giampietro/EEG-Attention-decoding-with-CLAP/main.py': [Errno 2] No such file or directory
  no checkpoint (timeout/fail) -> skip test

===== [11:15] ct_raw_lso_song145  (contrastive|raw|145)  elapsed 0m =====
  TRAIN
python: can't open file '/home/andrea.giampietro/EEG-Attention-decoding-with-CLAP/main.py': [Errno 2] No such file or directory
  no checkpoint (timeout/fail) -> skip test
  skip(done): contrastive|clap|145

===== [11:15] clf_audio_raw_lso_song145  (classify_audio|raw|145)  elapsed 0m =====
  TRAIN
python: can't open file '/home/andrea.giampietro/EEG-Attention-decoding-with-CLAP/main.py': [Errno 2] No such file or directory
  no checkpoint (timeout/fail) -> skip test

===== [11:15] clf_eeg_lso_song145  (classify_eeg|raw|145)  elapsed 0m =====
  TRAIN
python: can't open file '/home/andrea.giampietro/EEG-Attention-decoding-with-CLAP/main.py': [Errno 2] No such file or directory
  no checkpoint (timeout/fail) -> skip test

===== [11:15] ct_raw_lso_song140  (contrastive|raw|140)  elapsed 0m =====
  TRAIN
python: can't open file '/home/andrea.giampietro/EEG-Attention-decoding-with-CLAP/main.py': [Errno 2] No such file or directory
  no checkpoint (timeout/fail) -> skip test

===== [11:15] ct_clap_lso_song140  (contrastive|clap|140)  elapsed 0m =====
  TRAIN
python: can't open file '/home/andrea.giampietro/EEG-Attention-decoding-with-CLAP/main.py': [Errno 2] No such file or directory
  no checkpoint (timeout/fail) -> skip test

===== [11:15] clf_audio_raw_lso_song140  (classify_audio|raw|140)  elapsed 0m =====
  TRAIN
python: can't open file '/home/andrea.giampietro/EEG-Attention-decoding-with-CLAP/main.py': [Errno 2] No such file or directory
  no checkpoint (timeout/fail) -> skip test

===== [11:15] clf_eeg_lso_song140  (classify_eeg|raw|140)  elapsed 0m =====
  TRAIN
python: can't open file '/home/andrea.giampietro/EEG-Attention-decoding-with-CLAP/main.py': [Errno 2] No such file or directory
  no checkpoint (timeout/fail) -> skip test

===== [11:15] ct_raw_lso_song120  (contrastive|raw|120)  elapsed 0m =====
  TRAIN
python: can't open file '/home/andrea.giampietro/EEG-Attention-decoding-with-CLAP/main.py': [Errno 2] No such file or directory
  no checkpoint (timeout/fail) -> skip test

===== [11:15] ct_clap_lso_song120  (contrastive|clap|120)  elapsed 0m =====
  TRAIN
python: can't open file '/home/andrea.giampietro/EEG-Attention-decoding-with-CLAP/main.py': [Errno 2] No such file or directory
  no checkpoint (timeout/fail) -> skip test

===== [11:15] clf_audio_raw_lso_song120  (classify_audio|raw|120)  elapsed 0m =====
  TRAIN
python: can't open file '/home/andrea.giampietro/EEG-Attention-decoding-with-CLAP/main.py': [Errno 2] No such file or directory
  no checkpoint (timeout/fail) -> skip test

===== [11:15] clf_eeg_lso_song120  (classify_eeg|raw|120)  elapsed 0m =====
  TRAIN
python: can't open file '/home/andrea.giampietro/EEG-Attention-decoding-with-CLAP/main.py': [Errno 2] No such file or directory
  no checkpoint (timeout/fail) -> skip test

######## AGGREGATE (all leave-song-out folds on disk) ########
model                      folds classes   MACRO  GLOBAL
classify_audio/raw             5       4   0.202   0.308
classify_eeg/raw               4       4   0.250   0.250
contrastive/clap              11       4   0.833   0.859
contrastive/raw                4       4   0.582   0.622
chance=0.25 ; MACRO is the honest metric (needs songs from several classes to be valid)
######## DONE ########
